../Example/User/embedded_ML.c:39:6:Feature_Extraction_State_Machine_Translation	168	static
../Example/User/embedded_ML.c:229:6:TrainOrientation_SM_Translation	2904	static
../Example/User/embedded_ML.c:419:6:Test_ANN_SM_Translation	176	static
../Example/User/embedded_ML.c:559:6:LED_Code_Blink_Red	24	static
../Example/User/embedded_ML.c:605:6:LED_Code_Blink_Green	24	static
../Example/User/embedded_ML.c:651:6:printOutput_ANN_Threshold	96	static
../Example/User/embedded_ML.c:760:6:motion_softmax	32	static
../Example/User/embedded_ML.c:775:6:LED_Notification_Blink_Green	24	static
../Example/User/embedded_ML.c:793:6:LED_Notification_Blink_Red	24	static
../Example/User/embedded_ML.c:811:6:BP_ANN	232	dynamic
../Example/User/embedded_ML.c:894:6:train_ann	72	dynamic
../Example/User/embedded_ML.c:899:6:FP_ANN	72	dynamic
../Example/User/embedded_ML.c:929:6:run_ann	16	static
../Example/User/embedded_ML.c:933:6:init_ann	16	static
../Example/User/embedded_ML.c:944:6:init_pretrained_ann	16	static
../Example/User/embedded_ML.c:955:6:fill_zeros	24	static
../Example/User/embedded_ML.c:959:6:fill_number	32	static
../Example/User/embedded_ML.c:965:7:relu	16	static
../Example/User/embedded_ML.c:972:7:relu2	16	static
../Example/User/embedded_ML.c:979:7:relu_derivative	16	static
../Example/User/embedded_ML.c:984:7:relu2_derivative	16	static
../Example/User/embedded_ML.c:992:6:set_model_memory	24	static
../Example/User/embedded_ML.c:999:6:set_model_parameters	40	static
../Example/User/embedded_ML.c:1029:6:set_model_hyperparameters	24	static
../Example/User/embedded_ML.c:1035:6:set_learning_rate	16	static
../Example/User/embedded_ML.c:1039:6:set_bias_learning_rate	16	static
../Example/User/embedded_ML.c:1043:6:set_momentum_factor	16	static
../Example/User/embedded_ML.c:1047:6:set_output_actfunc	16	static
../Example/User/embedded_ML.c:1064:6:set_hidden_actfunc	16	static
