/Users/parnianghapandarkashani/Desktop/IoT_8/Projects/B-U585I-IOT02A/Examples/BSP/Src/main.c:85:5:main	14
/Users/parnianghapandarkashani/Desktop/IoT_8/Projects/B-U585I-IOT02A/Examples/BSP/Src/main.c:227:6:plot_single_time_series	6
/Users/parnianghapandarkashani/Desktop/IoT_8/Projects/B-U585I-IOT02A/Examples/BSP/Src/main.c:260:6:plot_dual_time_series	11
/Users/parnianghapandarkashani/Desktop/IoT_8/Projects/B-U585I-IOT02A/Examples/BSP/Src/main.c:309:6:plot_dual_time_series_compass	11
/Users/parnianghapandarkashani/Desktop/IoT_8/Projects/B-U585I-IOT02A/Examples/BSP/Src/main.c:358:6:plot_time_series_compass	6
/Users/parnianghapandarkashani/Desktop/IoT_8/Projects/B-U585I-IOT02A/Examples/BSP/Src/main.c:391:6:plot_time_series_header	3
/Users/parnianghapandarkashani/Desktop/IoT_8/Projects/B-U585I-IOT02A/Examples/BSP/Src/main.c:412:6:second_time_mark	2
/Users/parnianghapandarkashani/Desktop/IoT_8/Projects/B-U585I-IOT02A/Examples/BSP/Src/main.c:445:6:SystemClock_Config	3
/Users/parnianghapandarkashani/Desktop/IoT_8/Projects/B-U585I-IOT02A/Examples/BSP/Src/main.c:499:13:CACHE_Enable	1
/Users/parnianghapandarkashani/Desktop/IoT_8/Projects/B-U585I-IOT02A/Examples/BSP/Src/main.c:513:6:Error_Handler	1
/Users/parnianghapandarkashani/Desktop/IoT_8/Projects/B-U585I-IOT02A/Examples/BSP/Src/main.c:528:10:CheckResult	1
/Users/parnianghapandarkashani/Desktop/IoT_8/Projects/B-U585I-IOT02A/Examples/BSP/Src/main.c:560:6:BSP_PB_Callback	2
